[ 2026-05-05 10:47:18,506 ] - main - 12 - >>>>>> Data Ingestion Stage started <<<<<< - root 
[ 2026-05-05 10:47:18,506 ] - main_utils - 18 - YAML file Successfully Loaded - root 
[ 2026-05-05 10:47:18,508 ] - main_utils - 18 - YAML file Successfully Loaded - root 
[ 2026-05-05 10:47:18,508 ] - main_utils - 34 - Created Directory at: artifacts - root 
[ 2026-05-05 10:47:18,510 ] - main_utils - 34 - Created Directory at: artifacts/data_ingestion - root 
[ 2026-05-05 10:47:20,031 ] - data_ingestion - 24 - artifacts\data_ingestion\data.zip Downloaded with following info : 
Connection: close
Content-Length: 11616915
Cache-Control: max-age=300
Content-Security-Policy: default-src 'none'; style-src 'unsafe-inline'; sandbox
Content-Type: application/zip
ETag: "adf745abc03891fe493c3be264ec012691fe3fa21d861f35a27edbe6d86a76b1"
Strict-Transport-Security: max-age=31536000
X-Content-Type-Options: nosniff
X-Frame-Options: deny
X-XSS-Protection: 1; mode=block
X-GitHub-Request-Id: E3E6:29110D:48B4A8:5A56FC:69F97ACF
Accept-Ranges: bytes
Date: Tue, 05 May 2026 05:17:17 GMT
Via: 1.1 varnish
X-Served-By: cache-del-vibw2260034-DEL
X-Cache: HIT
X-Cache-Hits: 1
X-Timer: S1777958238.573812,VS0,VE9
Vary: Authorization,Accept-Encoding
Access-Control-Allow-Origin: *
Cross-Origin-Resource-Policy: cross-origin
X-Fastly-Request-ID: bbaaf5c928af22e9125b61900f227e2201100e31
Expires: Tue, 05 May 2026 05:22:17 GMT
Source-Age: 196

 - root 
[ 2026-05-05 10:47:20,488 ] - main - 15 - >>>>>> Data Ingestion Stage completed <<<<<<

x==========x - root 
[ 2026-05-05 10:47:20,488 ] - main - 22 - >>>>>> Prepare Base Model started <<<<<< - root 
[ 2026-05-05 10:47:20,490 ] - main_utils - 18 - YAML file Successfully Loaded - root 
[ 2026-05-05 10:47:20,490 ] - main_utils - 18 - YAML file Successfully Loaded - root 
[ 2026-05-05 10:47:20,490 ] - main_utils - 34 - Created Directory at: artifacts - root 
[ 2026-05-05 10:47:20,490 ] - main_utils - 34 - Created Directory at: artifacts/prepare_base_model - root 
[ 2026-05-05 10:47:20,922 ] - saving_api - 83 - You are saving your model as an HDF5 file via `model.save()` or `keras.saving.save_model(model)`. This file format is considered legacy. We recommend using instead the native Keras format, e.g. `model.save('my_model.keras')` or `keras.saving.save_model(model, 'my_model.keras')`.  - absl 
[ 2026-05-05 10:47:21,079 ] - config - 464 - TensorFlow GPU support is not available on native Windows for TensorFlow >= 2.11. Even if CUDA/cuDNN are installed, GPU will not be used. Please use WSL2 or the TensorFlow-DirectML plugin. - tensorflow 
[ 2026-05-05 10:47:21,111 ] - saving_api - 83 - You are saving your model as an HDF5 file via `model.save()` or `keras.saving.save_model(model)`. This file format is considered legacy. We recommend using instead the native Keras format, e.g. `model.save('my_model.keras')` or `keras.saving.save_model(model, 'my_model.keras')`.  - absl 
[ 2026-05-05 10:47:21,232 ] - main - 25 - >>>>>> Prepare Base Model completed <<<<<<

x==========x - root 
[ 2026-05-05 10:47:21,232 ] - main - 32 - >>>>>> Training started <<<<<< - root 
[ 2026-05-05 10:47:21,236 ] - main_utils - 18 - YAML file Successfully Loaded - root 
[ 2026-05-05 10:47:21,236 ] - main_utils - 18 - YAML file Successfully Loaded - root 
[ 2026-05-05 10:47:21,240 ] - main_utils - 34 - Created Directory at: artifacts - root 
[ 2026-05-05 10:47:21,240 ] - main_utils - 34 - Created Directory at: artifacts\prepare_callbacks\checkpoint_dir - root 
[ 2026-05-05 10:47:21,240 ] - main_utils - 34 - Created Directory at: artifacts\prepare_callbacks\tensorboard_log_dir - root 
[ 2026-05-05 10:47:21,240 ] - main_utils - 34 - Created Directory at: artifacts\training - root 
[ 2026-05-05 10:47:21,443 ] - saving_utils - 249 - Compiled the loaded model, but the compiled metrics have yet to be built. `model.compile_metrics` will be empty until you train or evaluate the model. - absl 
[ 2026-05-05 10:49:12,168 ] - saving_api - 83 - You are saving your model as an HDF5 file via `model.save()` or `keras.saving.save_model(model)`. This file format is considered legacy. We recommend using instead the native Keras format, e.g. `model.save('my_model.keras')` or `keras.saving.save_model(model, 'my_model.keras')`.  - absl 
[ 2026-05-05 10:49:12,319 ] - saving_api - 83 - You are saving your model as an HDF5 file via `model.save()` or `keras.saving.save_model(model)`. This file format is considered legacy. We recommend using instead the native Keras format, e.g. `model.save('my_model.keras')` or `keras.saving.save_model(model, 'my_model.keras')`.  - absl 
[ 2026-05-05 10:49:12,443 ] - main - 35 - >>>>>> Training completed <<<<<<

x==========x - root 
[ 2026-05-05 10:49:12,443 ] - main - 43 - >>>>>> Evaluation started <<<<<< - root 
[ 2026-05-05 10:49:12,443 ] - main_utils - 18 - YAML file Successfully Loaded - root 
[ 2026-05-05 10:49:12,443 ] - main_utils - 18 - YAML file Successfully Loaded - root 
[ 2026-05-05 10:49:12,443 ] - main_utils - 34 - Created Directory at: artifacts - root 
[ 2026-05-05 10:49:12,772 ] - saving_utils - 249 - Compiled the loaded model, but the compiled metrics have yet to be built. `model.compile_metrics` will be empty until you train or evaluate the model. - absl 
[ 2026-05-05 10:49:22,926 ] - main_utils - 46 - json file saved at: scores.json - root 
[ 2026-05-05 10:49:22,926 ] - main - 46 - >>>>>> Evaluation completed <<<<<<

x==========x - root 
